###############################################################################
#
# IAR ELF Linker V8.30.1.114/W32 for ARM                  20/Mar/2019  19:40:51
# Copyright 2007-2018 IAR Systems AB.
#
#    Output file  =  
#        C:\Users\36564\Desktop\假装很努力\Prj\IAR\MK66FX18_Debug\Exe\vcan_Kinetis.out
#    Map file     =  
#        C:\Users\36564\Desktop\假装很努力\Prj\IAR\MK66FX18_Debug\List\vcan_Kinetis.map
#    Command line =  
#        -f C:\Users\36564\AppData\Local\Temp\EW96B7.tmp
#        (C:\Users\36564\Desktop\假装很努力\Prj\IAR\MK66FX18_Debug\Obj\ad_deal.o
#        C:\Users\36564\Desktop\假装很努力\Prj\IAR\MK66FX18_Debug\Obj\camera_deal.o
#        C:\Users\36564\Desktop\假装很努力\Prj\IAR\MK66FX18_Debug\Obj\direction_control.o
#        C:\Users\36564\Desktop\假装很努力\Prj\IAR\MK66FX18_Debug\Obj\diskio.o
#        C:\Users\36564\Desktop\假装很努力\Prj\IAR\MK66FX18_Debug\Obj\feature.o
#        C:\Users\36564\Desktop\假装很努力\Prj\IAR\MK66FX18_Debug\Obj\ff.o
#        C:\Users\36564\Desktop\假装很努力\Prj\IAR\MK66FX18_Debug\Obj\hc-sr04.o
#        C:\Users\36564\Desktop\假装很努力\Prj\IAR\MK66FX18_Debug\Obj\main.o
#        C:\Users\36564\Desktop\假装很努力\Prj\IAR\MK66FX18_Debug\Obj\misc.o
#        C:\Users\36564\Desktop\假装很努力\Prj\IAR\MK66FX18_Debug\Obj\MK66_adc.o
#        C:\Users\36564\Desktop\假装很努力\Prj\IAR\MK66FX18_Debug\Obj\MK66_conf.o
#        C:\Users\36564\Desktop\假装很努力\Prj\IAR\MK66FX18_Debug\Obj\MK66_dma.o
#        C:\Users\36564\Desktop\假装很努力\Prj\IAR\MK66FX18_Debug\Obj\MK66_flexbus.o
#        C:\Users\36564\Desktop\假装很努力\Prj\IAR\MK66FX18_Debug\Obj\MK66_gpio.o
#        C:\Users\36564\Desktop\假装很努力\Prj\IAR\MK66FX18_Debug\Obj\MK66_i2c.o
#        C:\Users\36564\Desktop\假装很努力\Prj\IAR\MK66FX18_Debug\Obj\MK66_it.o
#        C:\Users\36564\Desktop\假装很努力\Prj\IAR\MK66FX18_Debug\Obj\MK66_port.o
#        C:\Users\36564\Desktop\假装很努力\Prj\IAR\MK66FX18_Debug\Obj\MK66_rtc.o
#        C:\Users\36564\Desktop\假装很努力\Prj\IAR\MK66FX18_Debug\Obj\MK66_sdhc.o
#        C:\Users\36564\Desktop\假装很努力\Prj\IAR\MK66FX18_Debug\Obj\MK66_spi.o
#        C:\Users\36564\Desktop\假装很努力\Prj\IAR\MK66FX18_Debug\Obj\MK66_uart.o
#        C:\Users\36564\Desktop\假装很努力\Prj\IAR\MK66FX18_Debug\Obj\MK66_wdog.o
#        C:\Users\36564\Desktop\假装很努力\Prj\IAR\MK66FX18_Debug\Obj\motor_control.o
#        C:\Users\36564\Desktop\假装很努力\Prj\IAR\MK66FX18_Debug\Obj\startup_MK66FX18.o
#        C:\Users\36564\Desktop\假装很努力\Prj\IAR\MK66FX18_Debug\Obj\system_MK66FX18.o
#        C:\Users\36564\Desktop\假装很努力\Prj\IAR\MK66FX18_Debug\Obj\VCAN_BMP.o
#        C:\Users\36564\Desktop\假装很努力\Prj\IAR\MK66FX18_Debug\Obj\VCAN_computer.o
#        C:\Users\36564\Desktop\假装很努力\Prj\IAR\MK66FX18_Debug\Obj\vcan_img2sd.o
#        C:\Users\36564\Desktop\假装很努力\Prj\IAR\MK66FX18_Debug\Obj\VCAN_key.o
#        C:\Users\36564\Desktop\假装很努力\Prj\IAR\MK66FX18_Debug\Obj\VCAN_key_event.o
#        C:\Users\36564\Desktop\假装很努力\Prj\IAR\MK66FX18_Debug\Obj\VCAN_LCD_ILI9325.o
#        C:\Users\36564\Desktop\假装很努力\Prj\IAR\MK66FX18_Debug\Obj\VCAN_LCD_ILI9341.o
#        C:\Users\36564\Desktop\假装很努力\Prj\IAR\MK66FX18_Debug\Obj\VCAN_LCD_ST7735R.o
#        C:\Users\36564\Desktop\假装很努力\Prj\IAR\MK66FX18_Debug\Obj\VCAN_LCD_ST7735S.o
#        C:\Users\36564\Desktop\假装很努力\Prj\IAR\MK66FX18_Debug\Obj\VCAN_LED.o
#        C:\Users\36564\Desktop\假装很努力\Prj\IAR\MK66FX18_Debug\Obj\VCAN_MMA7455.o
#        C:\Users\36564\Desktop\假装很努力\Prj\IAR\MK66FX18_Debug\Obj\VCAN_NRF24L0.o
#        C:\Users\36564\Desktop\假装很努力\Prj\IAR\MK66FX18_Debug\Obj\VCAN_NRF24L0_MSG.o
#        C:\Users\36564\Desktop\假装很努力\Prj\IAR\MK66FX18_Debug\Obj\VCAN_OV7725_Eagle.o
#        C:\Users\36564\Desktop\假装很努力\Prj\IAR\MK66FX18_Debug\Obj\VCAN_RTC_count.o
#        C:\Users\36564\Desktop\假装很努力\Prj\IAR\MK66FX18_Debug\Obj\VCAN_SCCB.o
#        C:\Users\36564\Desktop\假装很努力\Prj\IAR\MK66FX18_Debug\Obj\vcan_sd_app.o
#        C:\Users\36564\Desktop\假装很努力\Prj\IAR\MK66FX18_Debug\Obj\Vcan_touch.o
#        C:\Users\36564\Desktop\假装很努力\Prj\IAR\MK66FX18_Debug\Obj\VCAN_TSL1401.o
#        C:\Users\36564\Desktop\假装很努力\Prj\IAR\MK66FX18_Debug\Obj\VCAN_UI_VAR.o
#        C:\Users\36564\Desktop\假装很努力\Prj\IAR\MK66FX18_Debug\Obj\vectors.o
#        --redirect _Printf=_PrintfLargeNoMb --redirect _Scanf=_ScanfLargeNoMb
#        --no_out_extension -o
#        C:\Users\36564\Desktop\假装很努力\Prj\IAR\MK66FX18_Debug\Exe\vcan_Kinetis.out
#        --map
#        C:\Users\36564\Desktop\假装很努力\Prj\IAR\MK66FX18_Debug\List\vcan_Kinetis.map
#        --config "C:\Users\36564\Desktop\假装很努力\Prj\IAR\config
#        files\vcan_ROM_K66X1M.icf"
#        C:\Users\36564\Desktop\假装很努力\Prj\IAR\..\..\Lib\CMSIS\iar_cortexM4l_math.a
#        --entry __iar_program_start --redirect __write=__write_buffered --vfe
#        --text_out locale)
#
###############################################################################

*******************************************************************************
*** RUNTIME MODEL ATTRIBUTES
***

CppFlavor       = *
__SystemLibrary = DLib
__dlib_version  = 6


*******************************************************************************
*** HEAP SELECTION
***

The basic heap was selected because no calls to memory allocation
functions were found in the application outside of system library
functions, and there are calls to deallocation functions in the
application.


*******************************************************************************
*** PLACEMENT SUMMARY
***

"A0":  place at 0x1'0000 { ro section .intvec };
"A1":  place at 0x1'0410 { ro section .noinit };
define block CodeRelocate { section .textrw_init };
"P1":  place in [from 0x1'0000 to 0xf'ffff] { ro, block CodeRelocate };
define block CodeRelocateRam { section .textrw };
define block CSTACK with size = 4K, alignment = 8 { };
define block HEAP with size = 512, alignment = 8 { };
"P2":  place in [from 0x1fff'0410 to 0x2003'0000] {
          rw, block CodeRelocateRam, block CSTACK, block HEAP };
initialize manually with packing = copy, complex ranges { section .data };

No sections matched the following patterns:

  section .textrw       in block CodeRelocateRam
  section .textrw_init  in block CodeRelocate


  Section              Kind         Address    Size  Object
  -------              ----         -------    ----  ------
"A0":                                         0x410
  .intvec              const       0x1'0000   0x410  vectors.o [1]
                                 - 0x1'0410   0x410

"A1":                                           0x8
  .noinit              ro code     0x1'0410     0x8  startup_MK66FX18.o [1]
                                 - 0x1'0418     0x8

"P1", part 1 of 2:                           0x254c
  .text                ro code     0x1'0418   0x574  feature.o [1]
  .text                ro code     0x1'098c     0x8  abs.o [2]
  .text                ro code     0x1'0994    0x48  FltToDbl.o [3]
  .text                ro code     0x1'09dc    0xe2  DblSub.o [3]
  .text                ro code     0x1'0abe    0x3a  zero_init3.o [4]
  .text                ro code     0x1'0af8    0x68  DblToFlt.o [3]
  .text                ro code     0x1'0b60   0x17a  DblAdd.o [3]
  .rodata              const       0x1'0cda     0x2  VCAN_computer.o [1]
  .text                ro code     0x1'0cdc   0x514  ad_deal.o [1]
  .text                ro code     0x1'11f0   0x298  MK66_adc.o [1]
  .text                ro code     0x1'1488    0x98  direction_control.o [1]
  .text                ro code     0x1'1520    0x3c  motor_control.o [1]
  .text                ro code     0x1'155c    0xcc  MK66_conf.o [1]
  .text                ro code     0x1'1628    0xb8  MK66_port.o [1]
  .text                ro code     0x1'16e0    0x80  VCAN_LED.o [1]
  .text                ro code     0x1'1760   0x22c  MK66_uart.o [1]
  .text                ro code     0x1'198c    0xf8  MK66_gpio.o [1]
  .text                ro code     0x1'1a84   0x342  VCAN_SCCB.o [1]
  .rodata              const       0x1'1dc6     0x2  VCAN_computer.o [1]
  .text                ro code     0x1'1dc8   0x264  VCAN_OV7725_Eagle.o [1]
  .text                ro code     0x1'202c   0x248  MK66_dma.o [1]
  .text                ro code     0x1'2274   0x120  system_MK66FX18.o [1]
  .text                ro code     0x1'2394    0x3c  MK66_wdog.o [1]
  .text                ro code     0x1'23d0    0x84  main.o [1]
  .text                ro code     0x1'2454    0x50  misc.o [1]
  .text                ro code     0x1'24a4   0x10e  camera_deal.o [1]
  .text                ro code     0x1'25b4    0x40  VCAN_computer.o [1]
  .data_init                       0x1'25f4    0xc4  <Block>
    Initializer bytes  const       0x1'25f4    0xc4  <for .data-1>
  .rodata              const       0x1'26b8    0x3c  MK66_adc.o [1]
  .rodata              const       0x1'26f4    0x3c  MK66_dma.o [1]
  .rodata              const       0x1'2730    0x3c  MK66_gpio.o [1]
  .rodata              const       0x1'276c    0x3c  MK66_uart.o [1]
  .rodata              const       0x1'27a8    0x38  misc.o [1]
  .text                ro code     0x1'27e0    0x28  data_init.o [4]
  .rodata              const       0x1'2808    0x24  MK66_conf.o [1]
  .rodata              const       0x1'282c    0x24  VCAN_OV7725_Eagle.o [1]
  .rodata              const       0x1'2850    0x24  VCAN_OV7725_Eagle.o [1]
  .text                ro code     0x1'2874    0x22  fpinit_M.o [3]
  .iar.init_table      const       0x1'2898    0x10  - Linker created -
  .rodata              const       0x1'28a8    0x20  VCAN_OV7725_Eagle.o [1]
  .text                ro code     0x1'28c8    0x1e  cmain.o [4]
  .text                ro code     0x1'28e6     0x4  low_level_init.o [2]
  .text                ro code     0x1'28ea     0x4  exit.o [2]
  .text                ro code     0x1'28f0     0xa  cexit.o [4]
  .text                ro code     0x1'28fc     0xc  XXexit.o [4]
  .rodata              const       0x1'2908    0x18  VCAN_OV7725_Eagle.o [1]
  .rodata              const       0x1'2920    0x18  VCAN_OV7725_Eagle.o [1]
  .rodata              const       0x1'2938    0x14  VCAN_OV7725_Eagle.o [1]
  .rodata              const       0x1'294c     0xc  MK66_conf.o [1]
  .text                ro code     0x1'2958     0xc  cstartup_M.o [4]
  .rodata              const       0x1'2964     0x0  zero_init3.o [4]
                                 - 0x1'2964  0x254c

"P1", part 2 of 2:                              0x0
  CodeRelocate                     0x1'2964     0x0  <Block>

"P2", part 1 of 3:                             0xc4
  .data                         0x1fff'0410    0xc4  <Block>
    .data-1                     0x1fff'0410    0xc3  <Init block>
      .data            inited   0x1fff'0410     0x4  ad_deal.o [1]
      .data            inited   0x1fff'0414     0x4  ad_deal.o [1]
      .data            inited   0x1fff'0418     0x4  ad_deal.o [1]
      .data            inited   0x1fff'041c     0x4  ad_deal.o [1]
      .data            inited   0x1fff'0420     0x4  direction_control.o [1]
      .data            inited   0x1fff'0424     0x8  MK66_adc.o [1]
      .data            inited   0x1fff'042c    0x14  MK66_gpio.o [1]
      .data            inited   0x1fff'0440    0x14  MK66_port.o [1]
      .data            inited   0x1fff'0454    0x14  MK66_uart.o [1]
      .data            inited   0x1fff'0468     0x4  VCAN_LED.o [1]
      .data            inited   0x1fff'046c    0x64  VCAN_OV7725_Eagle.o [1]
      .data            inited   0x1fff'04d0     0x1  main.o [1]
      .data            inited   0x1fff'04d1     0x1  VCAN_OV7725_Eagle.o [1]
      .data            inited   0x1fff'04d2     0x1  VCAN_OV7725_Eagle.o [1]
                              - 0x1fff'04d4    0xc4

"P2", part 2 of 3:                           0xaac4
  .bss                          0x1fff'04d4  0xaac4  <Block>
    .bss               zero     0x1fff'04d4     0x4  ad_deal.o [1]
    .bss               zero     0x1fff'04d8     0x4  ad_deal.o [1]
    .bss               zero     0x1fff'04dc     0x4  ad_deal.o [1]
    .bss               zero     0x1fff'04e0     0x4  ad_deal.o [1]
    .bss               zero     0x1fff'04e4     0x4  ad_deal.o [1]
    .bss               zero     0x1fff'04e8     0x4  ad_deal.o [1]
    .bss               zero     0x1fff'04ec    0x8c  feature.o [1]
    .bss               zero     0x1fff'0578    0x8c  feature.o [1]
    .bss               zero     0x1fff'0604    0x8c  feature.o [1]
    .bss               zero     0x1fff'0690     0x4  feature.o [1]
    .bss               zero     0x1fff'0694     0x4  feature.o [1]
    .bss               zero     0x1fff'0698     0x4  feature.o [1]
    .bss               zero     0x1fff'069c     0x4  feature.o [1]
    .bss               zero     0x1fff'06a0     0x4  feature.o [1]
    .bss               zero     0x1fff'06a4     0x4  feature.o [1]
    .bss               zero     0x1fff'06a8     0x4  feature.o [1]
    .bss               zero     0x1fff'06ac     0x4  feature.o [1]
    .bss               zero     0x1fff'06b0     0x4  feature.o [1]
    .bss               zero     0x1fff'06b4  0x12c0  main.o [1]
    .bss               zero     0x1fff'1974  0x9600  main.o [1]
    .bss               zero     0x1fff'af74     0x4  system_MK66FX18.o [1]
    .bss               zero     0x1fff'af78     0x4  system_MK66FX18.o [1]
    .bss               zero     0x1fff'af7c     0x4  system_MK66FX18.o [1]
    .bss               zero     0x1fff'af80     0x4  VCAN_OV7725_Eagle.o [1]
    .bss               zero     0x1fff'af84     0x2  ad_deal.o [1]
    .bss               zero     0x1fff'af86     0x2  ad_deal.o [1]
    .bss               zero     0x1fff'af88     0x2  ad_deal.o [1]
    .bss               zero     0x1fff'af8a     0x2  ad_deal.o [1]
    .bss               zero     0x1fff'af8c     0x2  ad_deal.o [1]
    .bss               zero     0x1fff'af8e     0x2  ad_deal.o [1]
    .bss               zero     0x1fff'af90     0x2  ad_deal.o [1]
    .bss               zero     0x1fff'af92     0x2  ad_deal.o [1]
    .bss               zero     0x1fff'af94     0x1  ad_deal.o [1]
    .bss               zero     0x1fff'af95     0x1  ad_deal.o [1]
    .bss               zero     0x1fff'af96     0x1  ad_deal.o [1]
    .bss               zero     0x1fff'af97     0x1  main.o [1]
                              - 0x1fff'af98  0xaac4

"P2", part 3 of 3:                              0x0
  CodeRelocateRam               0x1fff'af98     0x0  <Block>

Unused ranges:

         From           To      Size
         ----           --      ----
     0x1'2964     0xf'ffff  0xe'd69c
  0x1fff'af98  0x2003'0000  0x3'5069


*******************************************************************************
*** INIT TABLE
***

          Address      Size
          -------      ----
Zero (__iar_zero_init3)
    1 destination range, total size 0xaac4:
          0x1fff'04d4  0xaac4



*******************************************************************************
*** MODULE SUMMARY
***

    Module               ro code  ro data  rw data
    ------               -------  -------  -------
command line/config:
    ----------------------------------------------
    Total:

C:\Users\36564\Desktop\假装很努力\Prj\IAR\MK66FX18_Debug\Obj: [1]
    MK66_adc.o               664       68        8
    MK66_conf.o              204       48
    MK66_dma.o               584       60
    MK66_gpio.o              248       80       20
    MK66_port.o              184       20       20
    MK66_uart.o              556       80       20
    MK66_wdog.o               60
    VCAN_LED.o               128        4        4
    VCAN_OV7725_Eagle.o      612      274      106
    VCAN_SCCB.o              834
    VCAN_computer.o           64        4
    ad_deal.o              1 300       16       59
    camera_deal.o            270
    direction_control.o      152        4        4
    feature.o              1 396               456
    main.o                   132        1   43 202
    misc.o                    80       56
    motor_control.o           60
    startup_MK66FX18.o         8
    system_MK66FX18.o        288                12
    vectors.o                       1 040
    ----------------------------------------------
    Total:                 7 824    1 755   43 911

dl7M_tlf.a: [2]
    abs.o                      8
    exit.o                     4
    low_level_init.o           4
    ----------------------------------------------
    Total:                    16

m7M_tls.a: [3]
    DblAdd.o                 378
    DblSub.o                 226
    DblToFlt.o               104
    FltToDbl.o                72
    fpinit_M.o                34
    ----------------------------------------------
    Total:                   814

rt7M_tl.a: [4]
    XXexit.o                  12
    cexit.o                   10
    cmain.o                   30
    cstartup_M.o              12
    data_init.o               40
    zero_init3.o              58
    ----------------------------------------------
    Total:                   162

    Gaps                       6        2
    Linker created                     17
--------------------------------------------------
    Grand Total:           8 822    1 774   43 911


*******************************************************************************
*** ENTRY LIST
***

Entry                       Address    Size  Type      Object
-----                       -------    ----  ----      ------
.bss$$Base              0x1fff'04d4           --   Gb  - Linker created -
.bss$$Limit             0x1fff'af98           --   Gb  - Linker created -
.data$$Base             0x1fff'0410           --   Gb  - Linker created -
.data$$Limit            0x1fff'04d4           --   Gb  - Linker created -
.data_init$$Base           0x1'25f4           --   Gb  - Linker created -
.data_init$$Limit          0x1'26b8           --   Gb  - Linker created -
.iar.init_table$$Base      0x1'2898           --   Gb  - Linker created -
.iar.init_table$$Limit     0x1'28a8           --   Gb  - Linker created -
?main                      0x1'28c9          Code  Gb  cmain.o [4]
ADCN                    0x1fff'0424     0x8  Data  Gb  MK66_adc.o [1]
AD_0_1                     0x1'0eef   0x21e  Code  Gb  ad_deal.o [1]
AD_MAX_MIN                 0x1'0d2f   0x1c0  Code  Gb  ad_deal.o [1]
AD_var1_max             0x1fff'04dc     0x4  Data  Gb  ad_deal.o [1]
AD_var1_min             0x1fff'0410     0x4  Data  Gb  ad_deal.o [1]
AD_var2_max             0x1fff'04e0     0x4  Data  Gb  ad_deal.o [1]
AD_var2_min             0x1fff'0414     0x4  Data  Gb  ad_deal.o [1]
AD_var3_max             0x1fff'04e4     0x4  Data  Gb  ad_deal.o [1]
AD_var3_min             0x1fff'0418     0x4  Data  Gb  ad_deal.o [1]
AD_var4_max             0x1fff'04e8     0x4  Data  Gb  ad_deal.o [1]
AD_var4_min             0x1fff'041c     0x4  Data  Gb  ad_deal.o [1]
ASSERT_FAILED_STR          0x1'2808    0x24  Data  Gb  MK66_conf.o [1]
Camera_Element_Decision
                           0x1'0913     0x2  Code  Gb  feature.o [1]
Camera_img_deal            0x1'24a5    0x2c  Code  Gb  camera_deal.o [1]
Center_line_deal           0x1'0419   0x4fa  Code  Gb  feature.o [1]
CodeRelocate$$Base         0x1'2964           --   Gb  - Linker created -
CodeRelocate$$Limit        0x1'2964           --   Gb  - Linker created -
CodeRelocateRam$$Base   0x1fff'af98           --   Gb  - Linker created -
CodeRelocateRam$$Limit  0x1fff'af98           --   Gb  - Linker created -
DMA0_IRQHandler            0x1'2025     0x8  Code  Gb  VCAN_OV7725_Eagle.o [1]
Duty                    0x1fff'0420     0x4  Data  Gb  direction_control.o [1]
Duty_gain1                 0x1'0915    0x36  Code  Gb  feature.o [1]
Duty_gain2                 0x1'1111    0x74  Code  Gb  ad_deal.o [1]
GPIOX                   0x1fff'042c    0x14  Data  Gb  MK66_gpio.o [1]
LED_PTxn                0x1fff'0468     0x4  Data  Gb  VCAN_LED.o [1]
NVIC_DisableIRQ            0x1'1ddf    0x16  Code  Lc  VCAN_OV7725_Eagle.o [1]
NVIC_EnableIRQ             0x1'1dc9    0x16  Code  Lc  VCAN_OV7725_Eagle.o [1]
PORTA_IRQHandler           0x1'1faf    0x22  Code  Gb  VCAN_OV7725_Eagle.o [1]
PORTX                   0x1fff'0440    0x14  Data  Gb  MK66_port.o [1]
PianCha                 0x1fff'04d4     0x4  Data  Gb  ad_deal.o [1]
Piancha                 0x1fff'0690     0x4  Data  Gb  feature.o [1]
Region$$Table$$Base        0x1'2898           --   Gb  - Linker created -
Region$$Table$$Limit       0x1'28a8           --   Gb  - Linker created -
Reset_Handler              0x1'0411          Code  Gb  startup_MK66FX18.o [1]
SCCB_Ack                   0x1'1b49    0x38  Code  Lc  VCAN_SCCB.o [1]
SCCB_GPIO_init             0x1'1a9f    0x28  Code  Gb  VCAN_SCCB.o [1]
SCCB_NoAck                 0x1'1b81    0x38  Code  Lc  VCAN_SCCB.o [1]
SCCB_ReadByte              0x1'1d0f    0x2e  Code  Gb  VCAN_SCCB.o [1]
SCCB_ReadByte_one          0x1'1d3d    0x8a  Code  Lc  VCAN_SCCB.o [1]
SCCB_ReceiveByte           0x1'1c3d    0x50  Code  Lc  VCAN_SCCB.o [1]
SCCB_SendByte              0x1'1bfb    0x42  Code  Lc  VCAN_SCCB.o [1]
SCCB_Start                 0x1'1ac7    0x52  Code  Lc  VCAN_SCCB.o [1]
SCCB_Stop                  0x1'1b19    0x30  Code  Lc  VCAN_SCCB.o [1]
SCCB_WaitAck               0x1'1bb9    0x42  Code  Lc  VCAN_SCCB.o [1]
SCCB_WriteByte             0x1'1c9d    0x2a  Code  Gb  VCAN_SCCB.o [1]
SCCB_WriteByte_one         0x1'1cc7    0x48  Code  Lc  VCAN_SCCB.o [1]
SCCB_delay                 0x1'1a85    0x1a  Code  Lc  VCAN_SCCB.o [1]
UARTN                   0x1fff'0454    0x14  Data  Gb  MK66_uart.o [1]
__BOOT_STACK_ADDRESS {Abs}
                        0x2002'fff8          Data  Gb  <internal module>
__VECTOR_RAM {Abs}      0x1fff'0000          Data  Gb  <internal module>
__VECTOR_TABLE {Abs}       0x1'0000          Data  Gb  <internal module>
__aeabi_d2f                0x1'0af9          Code  Gb  DblToFlt.o [3]
__aeabi_dadd               0x1'0b61          Code  Gb  DblAdd.o [3]
__aeabi_dsub               0x1'09dd          Code  Gb  DblSub.o [3]
__aeabi_f2d                0x1'0995          Code  Gb  FltToDbl.o [3]
__cmain                    0x1'28c9          Code  Gb  cmain.o [4]
__code_start__ {Abs}       0x1'0410          Data  Gb  <internal module>
__exit                     0x1'28fd          Code  Gb  XXexit.o [4]
__iar_dadd                 0x1'09ed          Code  Gb  DblSub.o [3]
__iar_data_init3           0x1'27e1    0x28  Code  Gb  data_init.o [4]
__iar_dsub                 0x1'0b71          Code  Gb  DblAdd.o [3]
__iar_dsubStart            0x1'0b83          Code  Gb  DblAdd.o [3]
__iar_init_vfp             0x1'2875          Code  Gb  fpinit_M.o [3]
__iar_program_start        0x1'2959          Code  Gb  cstartup_M.o [4]
__iar_zero_init3           0x1'0abf    0x3a  Code  Gb  zero_init3.o [4]
__low_level_init           0x1'28e7     0x4  Code  Gb  low_level_init.o [2]
__vector_table             0x1'0000   0x410  Data  Gb  vectors.o [1]
_call_main                 0x1'28d5          Code  Gb  cmain.o [4]
_exit                      0x1'28f1          Code  Gb  cexit.o [4]
_main                      0x1'28e3          Code  Gb  cmain.o [4]
abs                        0x1'098d     0x8  Code  Gb  abs.o [2]
ad_deal                    0x1'0cf9    0x36  Code  Gb  ad_deal.o [1]
ad_init                    0x1'0cdd    0x1c  Code  Gb  ad_deal.o [1]
adc_init                   0x1'11f1   0x1e6  Code  Gb  MK66_adc.o [1]
adc_once                   0x1'13d7    0x50  Code  Gb  MK66_adc.o [1]
adc_start                  0x1'1427    0x4c  Code  Lc  MK66_adc.o [1]
assert_failed              0x1'159d    0x2c  Code  Gb  MK66_conf.o [1]
before_PianCha          0x1fff'04d8     0x4  Data  Gb  ad_deal.o [1]
before_zhong            0x1fff'06a0     0x4  Data  Gb  feature.o [1]
bus_clk_khz             0x1fff'af7c     0x4  Data  Gb  system_MK66FX18.o [1]
cishu                   0x1fff'0694     0x4  Data  Gb  feature.o [1]
common_startup             0x1'22d3    0x84  Code  Gb  system_MK66FX18.o [1]
core_clk_khz            0x1fff'af74     0x4  Data  Gb  system_MK66FX18.o [1]
core_clk_mhz            0x1fff'af78     0x4  Data  Gb  system_MK66FX18.o [1]
default_isr                0x1'15dd    0x3c  Code  Gb  MK66_conf.o [1]
dianci_flag             0x1fff'04d0     0x1  Data  Gb  main.o [1]
dianji_control             0x1'1541    0x12  Code  Gb  motor_control.o [1]
dianji_init                0x1'1521    0x1e  Code  Gb  motor_control.o [1]
dma_gpio_input_init        0x1'202d    0x5c  Code  Lc  MK66_dma.o [1]
dma_portx2buff_init        0x1'2089   0x1b6  Code  Gb  MK66_dma.o [1]
duoji_control              0x1'14a9    0x58  Code  Gb  direction_control.o [1]
duoji_init                 0x1'1489    0x1e  Code  Gb  direction_control.o [1]
enter_fputc                0x1'15c9    0x14  Code  Gb  MK66_conf.o [1]
exit                       0x1'28eb     0x4  Code  Gb  exit.o [2]
gpio_init                  0x1'198d    0xb6  Code  Gb  MK66_gpio.o [1]
gpio_turn                  0x1'1a43    0x3a  Code  Gb  MK66_gpio.o [1]
huandao_number          0x1fff'af96     0x1  Data  Gb  ad_deal.o [1]
i                       0x1fff'06a8     0x4  Data  Gb  feature.o [1]
img                     0x1fff'1974  0x9600  Data  Gb  main.o [1]
img_copy                   0x1'24d1    0x36  Code  Gb  camera_deal.o [1]
img_reduce                 0x1'2511    0xa2  Code  Gb  camera_deal.o [1]
imgbuff                 0x1fff'06b4  0x12c0  Data  Gb  main.o [1]
j                       0x1fff'06ac     0x4  Data  Gb  feature.o [1]
k                       0x1fff'06b0     0x4  Data  Gb  feature.o [1]
led_init                   0x1'16e1    0x40  Code  Gb  VCAN_LED.o [1]
led_turn                   0x1'1721    0x38  Code  Gb  VCAN_LED.o [1]
leftline_x              0x1fff'04ec    0x8c  Data  Gb  feature.o [1]
leftsmall_huandao_flag  0x1fff'af95     0x1  Data  Gb  ad_deal.o [1]
main                       0x1'23d1    0x84  Code  Gb  main.o [1]
midline_x               0x1fff'0604    0x8c  Data  Gb  feature.o [1]
ov7725_eagle_cfgnum     0x1fff'04d2     0x1  Data  Gb  VCAN_OV7725_Eagle.o [1]
ov7725_eagle_dma           0x1'1e9d    0x12  Code  Gb  VCAN_OV7725_Eagle.o [1]
ov7725_eagle_get_img       0x1'1eaf    0x36  Code  Gb  VCAN_OV7725_Eagle.o [1]
ov7725_eagle_img_buff   0x1fff'af80     0x4  Data  Gb  VCAN_OV7725_Eagle.o [1]
ov7725_eagle_img_flag   0x1fff'04d1     0x1  Data  Gb  VCAN_OV7725_Eagle.o [1]
ov7725_eagle_init          0x1'1df5    0x18  Code  Gb  VCAN_OV7725_Eagle.o [1]
ov7725_eagle_port_init     0x1'1e0d    0x50  Code  Lc  VCAN_OV7725_Eagle.o [1]
ov7725_eagle_reg        0x1fff'046c    0x64  Data  Gb  VCAN_OV7725_Eagle.o [1]
ov7725_eagle_reg_init      0x1'1ee5    0xca  Code  Lc  VCAN_OV7725_Eagle.o [1]
ov7725_eagle_vsync         0x1'1e5d    0x40  Code  Gb  VCAN_OV7725_Eagle.o [1]
piancha                 0x1fff'0698     0x4  Data  Gb  feature.o [1]
port_init                  0x1'1629    0x48  Code  Gb  MK66_port.o [1]
port_init_NoALT            0x1'1671    0x68  Code  Gb  MK66_port.o [1]
rightline_x             0x1fff'0578    0x8c  Data  Gb  feature.o [1]
rightsmall_huandao_flag
                        0x1fff'af94     0x1  Data  Gb  ad_deal.o [1]
set_vector_handler         0x1'2477    0x22  Code  Gb  misc.o [1]
shexiangtou_flag        0x1fff'af97     0x1  Data  Gb  main.o [1]
soft_delay_ms              0x1'1581    0x1c  Code  Gb  MK66_conf.o [1]
soft_delay_us              0x1'155d    0x24  Code  Gb  MK66_conf.o [1]
start                      0x1'2275    0x1e  Code  Gb  system_MK66FX18.o [1]
sysinit                    0x1'2293    0x40  Code  Gb  system_MK66FX18.o [1]
uart_init                  0x1'1761   0x1d0  Code  Gb  MK66_uart.o [1]
uart_putbuff               0x1'194d    0x26  Code  Gb  MK66_uart.o [1]
uart_putchar               0x1'1931    0x1c  Code  Gb  MK66_uart.o [1]
var1                    0x1fff'af84     0x2  Data  Gb  ad_deal.o [1]
var2                    0x1fff'af88     0x2  Data  Gb  ad_deal.o [1]
var3                    0x1fff'af8c     0x2  Data  Gb  ad_deal.o [1]
var4                    0x1fff'af90     0x2  Data  Gb  ad_deal.o [1]
var_1                   0x1fff'af86     0x2  Data  Gb  ad_deal.o [1]
var_2                   0x1fff'af8a     0x2  Data  Gb  ad_deal.o [1]
var_3                   0x1fff'af8e     0x2  Data  Gb  ad_deal.o [1]
var_4                   0x1fff'af92     0x2  Data  Gb  ad_deal.o [1]
vcan_sendimg               0x1'25b5    0x38  Code  Gb  VCAN_computer.o [1]
wdog_disable               0x1'2395    0x14  Code  Gb  MK66_wdog.o [1]
wdog_unlock                0x1'23a9    0x20  Code  Lc  MK66_wdog.o [1]
write_vtor                 0x1'2455    0x22  Code  Gb  misc.o [1]
zhong                   0x1fff'069c     0x4  Data  Gb  feature.o [1]
zhongcha                0x1fff'06a4     0x4  Data  Gb  feature.o [1]


[1] = C:\Users\36564\Desktop\假装很努力\Prj\IAR\MK66FX18_Debug\Obj
[2] = dl7M_tlf.a
[3] = m7M_tls.a
[4] = rt7M_tl.a

   8 822 bytes of readonly  code memory
   1 774 bytes of readonly  data memory
  43 911 bytes of readwrite data memory

Errors: none
Warnings: none
